// Jest Snapshot v1, https://goo.gl/fbAQLP

exports[`NestedList Matches snapshot 1`] = `
<div>
  <ul>
    <li>
      Jamie
      <ul>
        <li>
          Alan
          <ul>
            <li>
              Martin
            </li>
            <li>
              Alex
            </li>
          </ul>
        </li>
        <li>
          Steve
          <ul>
            <li>
              David
            </li>
          </ul>
        </li>
      </ul>
    </li>
  </ul>
</div>
`;
